---
source: crates/mdcore/tests/corpus.rs
assertion_line: 57
expression: "report(&input, Format::Markdown)"
input_file: tests/fixtures/table-simple/source.md
---
=== markdown ===
| Component | Status  |
| --------- | ------- |
| Engine    | Done    |
| Clipboard | Blocked |

=== teams html ===
<table style="border-collapse:collapse">
<thead>
<tr><th style="border:1px solid #9aa0a6;padding:6px 10px">Component</th><th style="border:1px solid #9aa0a6;padding:6px 10px">Status</th></tr>
</thead>
<tbody>
<tr><td style="border:1px solid #9aa0a6;padding:6px 10px">Engine</td><td style="border:1px solid #9aa0a6;padding:6px 10px">Done</td></tr>
<tr><td style="border:1px solid #9aa0a6;padding:6px 10px">Clipboard</td><td style="border:1px solid #9aa0a6;padding:6px 10px">Blocked</td></tr>
</tbody>
</table>

=== plain text ===
Component  Status
Engine     Done
Clipboard  Blocked
