---
source: crates/mdcore/tests/corpus.rs
assertion_line: 66
expression: "report(&input, Format::Html)"
input_file: tests/fixtures/teams-table-degrades/source.html
---
=== markdown ===
|     |     |
| --- | --- |
| a   | b   |

=== teams html ===
<table style="border-collapse:collapse">
<tbody>
<tr><td style="border:1px solid #9aa0a6;padding:6px 10px">a</td><td style="border:1px solid #9aa0a6;padding:6px 10px">b</td></tr>
</tbody>
</table>

=== plain text ===
a  b
