---
source: crates/mdcore/tests/corpus.rs
assertion_line: 66
expression: "report(&input, Format::Html)"
input_file: tests/fixtures/teams-table-th-first-row/source.html
---
=== markdown ===
| Name | Value |
| ---- | ----- |
| x    | 1     |

=== teams html ===
<table style="border-collapse:collapse">
<thead>
<tr><th style="border:1px solid #9aa0a6;padding:6px 10px">Name</th><th style="border:1px solid #9aa0a6;padding:6px 10px">Value</th></tr>
</thead>
<tbody>
<tr><td style="border:1px solid #9aa0a6;padding:6px 10px">x</td><td style="border:1px solid #9aa0a6;padding:6px 10px">1</td></tr>
</tbody>
</table>

=== plain text ===
Name  Value
x     1
