---
source: crates/mdcore/tests/corpus.rs
expression: "report(&input, Format::Html)"
input_file: tests/fixtures/teams-table-degrades/source.html
---
=== markdown ===
|     |     |
| --- | --- |
| a   | b   |

=== teams html ===
<table>
<tbody>
<tr><td>a</td><td>b</td></tr>
</tbody>
</table>

=== plain text ===
a  b
