---
source: crates/mdcore/tests/corpus.rs
assertion_line: 66
expression: "report(&input, Format::Html)"
input_file: tests/fixtures/teams-table-marks/source.html
---
=== markdown ===
|          |                             |
| -------- | --------------------------- |
| **bold** | [link](https://example.com) |

=== teams html ===
<table style="border-collapse:collapse">
<tbody>
<tr><td style="border:1px solid #9aa0a6;padding:6px 10px"><strong>bold</strong></td><td style="border:1px solid #9aa0a6;padding:6px 10px"><a href="https://example.com">link</a></td></tr>
</tbody>
</table>

=== plain text ===
bold  link
