---
source: crates/mdcore/tests/corpus.rs
expression: "report(&input, Format::Markdown)"
input_file: tests/fixtures/inline-link-titled/source.md
---
=== markdown ===
[docs](https://example.com "The Docs")

=== teams html ===
<p><a href="https://example.com" title="The Docs">docs</a></p>

=== plain text ===
docs
