---
source: crates/mdcore/tests/corpus.rs
expression: "report(&input, Format::Markdown)"
input_file: tests/fixtures/inline-escapes/source.md
---
=== markdown ===
literal \* star, 2 \* 3, and a # hash mid-line

=== teams html ===
<p>literal * star, 2 * 3, and a # hash mid-line</p>

=== plain text ===
literal * star, 2 * 3, and a # hash mid-line
