---
source: crates/mdcore/tests/corpus.rs
assertion_line: 57
expression: "report(&input, Format::Markdown)"
input_file: tests/fixtures/table-one-column/source.md
---
=== markdown ===
| Only |
| ---- |
| one  |

=== teams html ===
<table style="border-collapse:collapse">
<thead>
<tr><th style="border:1px solid #9aa0a6;padding:6px 10px">Only</th></tr>
</thead>
<tbody>
<tr><td style="border:1px solid #9aa0a6;padding:6px 10px">one</td></tr>
</tbody>
</table>

=== plain text ===
Only
one
