---
source: crates/mdcore/tests/corpus.rs
expression: "report(&input, Format::Markdown)"
input_file: tests/fixtures/table-marks-in-cells/source.md
---
=== markdown ===
| Item     | Note                          |
| -------- | ----------------------------- |
| **bold** | a [link](https://example.com) |
| `code`   | ~~gone~~                      |

=== teams html ===
<table>
<thead>
<tr><th>Item</th><th>Note</th></tr>
</thead>
<tbody>
<tr><td><strong>bold</strong></td><td>a <a href="https://example.com">link</a></td></tr>
<tr><td><code>code</code></td><td><s>gone</s></td></tr>
</tbody>
</table>

=== plain text ===
Item  Note
bold  a link
code  gone
